Fri May 22 09:37:06 UTC 2026 CPU check done
Fri May 22 09:37:17 UTC 2026 CPU check done
Fri May 22 09:37:28 UTC 2026 CPU check done
Fri May 22 09:37:40 UTC 2026 CPU check done
Fri May 22 09:37:51 UTC 2026 CPU check done
Fri May 22 09:38:03 UTC 2026 CPU check done
Fri May 22 09:38:14 UTC 2026 CPU check done
Fri May 22 09:38:25 UTC 2026 CPU check done
Fri May 22 09:38:37 UTC 2026 CPU check done
Fri May 22 09:38:48 UTC 2026 CPU check done
Fri May 22 09:38:59 UTC 2026 CPU check done
Fri May 22 09:39:10 UTC 2026 CPU check done
Test log entry
Fri May 22 09:39:22 UTC 2026 CPU check done
Fri May 22 09:39:33 UTC 2026 CPU check done
Fri May 22 09:39:44 UTC 2026 CPU check done
Fri May 22 09:39:56 UTC 2026 CPU check done
Fri May 22 09:40:07 UTC 2026 CPU check done
Fri May 22 09:40:19 UTC 2026 CPU check done
Fri May 22 09:40:30 UTC 2026 CPU check done
Fri May 22 09:40:41 UTC 2026 CPU check done
Fri May 22 09:40:52 UTC 2026 CPU check done
Fri May 22 09:41:04 UTC 2026 CPU check done
Fri May 22 09:41:15 UTC 2026 CPU check done
Fri May 22 09:41:26 UTC 2026 CPU check done
Fri May 22 09:41:38 UTC 2026 CPU check done
Fri May 22 09:41:49 UTC 2026 CPU check done
Fri May 22 09:42:01 UTC 2026 CPU check done
Fri May 22 09:42:12 UTC 2026 CPU check done
Fri May 22 09:42:23 UTC 2026 CPU check done
Fri May 22 09:42:35 UTC 2026 CPU check done
Fri May 22 09:42:46 UTC 2026 CPU check done
Fri May 22 09:42:57 UTC 2026 CPU check done
Fri May 22 09:46:16 UTC 2026 AUTO-HEAL: Restarted dummy_service.sh
Fri May 22 09:49:38 UTC 2026 AUTO-HEAL: Restarted dummy_service.sh
Fri May 22 09:49:57 UTC 2026 AUTO-HEAL: Restarted dummy_service.sh
Fri May 22 09:57:22 UTC 2026 SERVICE OK: dummy_service.sh running
Fri May 22 09:57:34 UTC 2026 SERVICE OK: dummy_service.sh running
Fri May 22 09:57:57 UTC 2026 CPU check done
Fri May 22 09:57:58 UTC 2026 SERVICE OK: dummy_service.sh running
Fri May 22 09:58:09 UTC 2026 CPU check done
Fri May 22 09:58:10 UTC 2026 SERVICE OK: dummy_service.sh running
Fri May 22 09:58:21 UTC 2026 CPU check done
Fri May 22 09:58:21 UTC 2026 SERVICE OK: dummy_service.sh running
Fri May 22 09:58:33 UTC 2026 CPU check done
Fri May 22 09:58:33 UTC 2026 SERVICE OK: dummy_service.sh running
Fri May 22 09:58:45 UTC 2026 CPU check done
Fri May 22 09:58:45 UTC 2026 SERVICE OK: dummy_service.sh running
Fri May 22 09:58:56 UTC 2026 CPU check done
Fri May 22 09:58:56 UTC 2026 SERVICE OK: dummy_service.sh running
Fri May 22 09:59:08 UTC 2026 CPU check done
Fri May 22 09:59:08 UTC 2026 SERVICE OK: dummy_service.sh running
Fri May 22 09:59:20 UTC 2026 CPU check done
Fri May 22 09:59:20 UTC 2026 SERVICE OK: dummy_service.sh running
Fri May 22 09:59:31 UTC 2026 CPU check done
Fri May 22 09:59:32 UTC 2026 SERVICE OK: dummy_service.sh running
Fri May 22 09:59:43 UTC 2026 CPU Usage: 11.5%
Fri May 22 09:59:43 UTC 2026 SERVICE OK: dummy_service.sh running
Fri May 22 09:59:54 UTC 2026 CPU Usage: 25.9%
Fri May 22 09:59:54 UTC 2026 SERVICE OK: dummy_service.sh running
Fri May 22 10:00:05 UTC 2026 CPU Usage: 0%
Fri May 22 10:00:05 UTC 2026 SERVICE OK: dummy_service.sh running
Fri May 22 10:00:16 UTC 2026 CPU Usage: 18.2%
Fri May 22 10:00:16 UTC 2026 SERVICE OK: dummy_service.sh running
Fri May 22 10:00:27 UTC 2026 CPU Usage: 13.6%
Fri May 22 10:00:27 UTC 2026 SERVICE OK: dummy_service.sh running
Fri May 22 10:00:38 UTC 2026 CPU Usage: 13%
Fri May 22 10:00:38 UTC 2026 SERVICE OK: dummy_service.sh running
Fri May 22 10:00:49 UTC 2026 CPU Usage: 25.9%
Fri May 22 10:00:49 UTC 2026 SERVICE OK: dummy_service.sh running
Fri May 22 10:01:00 UTC 2026 CPU Usage: 0%
Fri May 22 10:01:00 UTC 2026 SERVICE OK: dummy_service.sh running
Fri May 22 10:01:11 UTC 2026 CPU Usage: 20%
Fri May 22 10:01:12 UTC 2026 SERVICE OK: dummy_service.sh running
Fri May 22 10:01:22 UTC 2026 CPU Usage: 0%
Fri May 22 10:01:22 UTC 2026 SERVICE OK: dummy_service.sh running
Fri May 22 10:01:33 UTC 2026 CPU Usage: 0%
Fri May 22 10:01:34 UTC 2026 AUTO-HEAL: Restarted dummy_service.sh
Fri May 22 10:01:44 UTC 2026 CPU Usage: 5.6%
Fri May 22 10:01:45 UTC 2026 SERVICE OK: dummy_service.sh running
Fri May 22 10:01:56 UTC 2026 CPU Usage: 16%
Fri May 22 10:01:56 UTC 2026 SERVICE OK: dummy_service.sh running
Fri May 22 10:02:07 UTC 2026 CPU Usage: 9%
Fri May 22 10:02:07 UTC 2026 SERVICE OK: dummy_service.sh running
Fri May 22 10:02:18 UTC 2026 CPU Usage: 5.9%
Fri May 22 10:02:18 UTC 2026 SERVICE OK: dummy_service.sh running
Fri May 22 10:02:29 UTC 2026 CPU Usage: 8.6%
Fri May 22 10:02:29 UTC 2026 SERVICE OK: dummy_service.sh running
Fri May 22 10:02:40 UTC 2026 CPU Usage: 0%
Fri May 22 10:02:40 UTC 2026 SERVICE OK: dummy_service.sh running
Fri May 22 10:02:51 UTC 2026 CPU Usage: 4.5%
Fri May 22 10:02:51 UTC 2026 SERVICE OK: dummy_service.sh running
Fri May 22 10:03:02 UTC 2026 CPU Usage: 5.6%
Fri May 22 10:03:02 UTC 2026 SERVICE OK: dummy_service.sh running
Fri May 22 10:03:13 UTC 2026 CPU Usage: 27.3%
Fri May 22 10:03:13 UTC 2026 SERVICE OK: dummy_service.sh running
Fri May 22 10:03:24 UTC 2026 CPU Usage: 25%
Fri May 22 10:03:24 UTC 2026 SERVICE OK: dummy_service.sh running
Fri May 22 10:03:35 UTC 2026 CPU Usage: 29.2%
